// Jest Snapshot v1, https://goo.gl/fbAQLP

exports[`Nav component matches snapshot 1`] = `
<DocumentFragment>
  <nav>
    <ul
      class="flex-row"
    >
      <li
        class="mx-2 false"
      >
        <span>
          About me
        </span>
      </li>
    </ul>
  </nav>
</DocumentFragment>
`;
